........................................................................ [  2%]
........................................................................ [  5%]
........................................................................ [  7%]
........................................................................ [ 10%]
.......................................................................F [ 13%]
FFFF.................................................................... [ 15%]
........................................................................ [ 18%]
......................s................................................. [ 21%]
........................................................................ [ 23%]
........................................................................ [ 26%]
........................................................................ [ 29%]
........................................................................ [ 31%]
........................................................................ [ 34%]
....................F